=== RUN   TestApplyYAMLPatches_MultilineContent
=== RUN   TestApplyYAMLPatches_MultilineContent/add_multiline_value
[DEBUG] findNodeByPath: path=jobs.test.steps.0.run, node type=*ast.StringNode, style=PlainScalar
[DEBUG] findNodeByPath: startPos=65, endPos=78, content='echo "hello"'
[DEBUG] findNodeByPath: original context='   - run: echo "hello"
'
    patch_test.go:298: ApplyYAMLPatches() error = YAML patch error: result is not valid YAML: [6:9] non-map value is specified
           3 |     runs-on: ubuntu-latest
           4 |     steps:
           5 |       - run: |
        >  6 |         echo "line 1"
                       ^
           7 |         echo "line 2", wantErr false
--- FAIL: TestApplyYAMLPatches_MultilineContent (0.00s)
    --- FAIL: TestApplyYAMLPatches_MultilineContent/add_multiline_value (0.00s)
FAIL
FAIL	github.com/mostafa/zizzles/yaml_patch	0.004s
FAIL
